Variable:,tas
,Annual,Jan,Feb,Mar,Apr,May,Jun,Jul,Aug,Sep,Oct,Nov,Dec
Niue,25.04,26.67,26.77,26.63,25.92,24.74,24.01,23.26,23.20,23.82,24.42,25.17,25.83
"Administrative unit not available",25.05,26.68,26.77,26.63,25.92,24.74,24.02,23.27,23.21,23.83,24.43,25.17,25.83
